[0m10:12:12.286437 [debug] [MainThread]: Sending event: {'category': 'dbt', 'action': 'invocation', 'label': 'start', 'context': [<snowplow_tracker.self_describing_json.SelfDescribingJson object at 0x0000018BE7E56A20>, <snowplow_tracker.self_describing_json.SelfDescribingJson object at 0x0000018BE7BC03B0>, <snowplow_tracker.self_describing_json.SelfDescribingJson object at 0x0000018BE81507A0>]}


============================== 10:12:12.301899 | cca702c6-c252-4584-9e75-db6933427014 ==============================
[0m10:12:12.301899 [info ] [MainThread]: Running with dbt=1.12.4
[0m10:12:12.303921 [debug] [MainThread]: running dbt with arguments {'static_parser': 'True', 'no_print': 'None', 'maximum_seed_size_mib': '1', 'target_path': 'None', 'warn_error_options': 'WarnErrorOptionsV2(error=[], warn=[], silence=[])', 'version_check': 'True', 'printer_width': '80', 'write_json': 'True', 'introspect': 'True', 'log_cache_events': 'False', 'empty': 'None', 'cache_selected_only': 'False', 'log_format': 'default', 'debug': 'False', 'fail_fast': 'False', 'partial_parse': 'True', 'send_anonymous_usage_stats': 'True', 'quiet': 'False', 'warn_error': 'None', 'profiles_dir': 'C:\\Users\\SaurabhKumar\\.dbt', 'indirect_selection': 'eager', 'hints_enabled': 'True', 'use_colors': 'True', 'use_experimental_parser': 'False', 'invocation_command': 'dbt init', 'log_path': 'logs'}
[0m10:12:29.821360 [debug] [MainThread]: Starter project path: C:\Users\SaurabhKumar\miniconda3\envs\dbt_env\Lib\site-packages\dbt\include\starter_project
[0m10:12:29.860962 [info ] [MainThread]: Setting up your profile.
[0m10:12:33.656199 [debug] [MainThread]: Snowflake adapter: Setting snowflake.connector to ERROR (file logging only)
[0m10:12:33.656199 [debug] [MainThread]: Snowflake adapter: Setting botocore to ERROR (file logging only)
[0m10:12:33.656199 [debug] [MainThread]: Snowflake adapter: Setting boto3 to ERROR (file logging only)
[0m10:32:32.090056 [info ] [MainThread]: Profile Banking_Project written to C:\Users\SaurabhKumar\.dbt\profiles.yml using target's profile_template.yml and your supplied values.
[0m10:32:32.090056 [info ] [MainThread]: Running dbt debug to validate the project...
[0m10:32:32.090056 [info ] [MainThread]: dbt version: 1.12.4
[0m10:32:32.090056 [info ] [MainThread]: python version: 3.12.14
[0m10:32:32.090056 [info ] [MainThread]: python path: C:\Users\SaurabhKumar\miniconda3\envs\dbt_env\python.exe
[0m10:32:32.090056 [info ] [MainThread]: os info: Windows-11-10.0.26200-SP0
[0m10:32:32.218196 [info ] [MainThread]: Using profiles dir at C:\Users\SaurabhKumar\.dbt
[0m10:32:32.218196 [info ] [MainThread]: Using profiles.yml file at C:\Users\SaurabhKumar\.dbt\profiles.yml
[0m10:32:32.218196 [info ] [MainThread]: Using dbt_project.yml file at C:\Users\SaurabhKumar\Desktop\Data Engineering\dbt\Project\Banking_Project\Banking_Project\dbt_project.yml
[0m10:32:32.230214 [info ] [MainThread]: adapter type: snowflake
[0m10:32:32.232470 [info ] [MainThread]: adapter version: 1.12.0
[0m10:32:32.318638 [info ] [MainThread]: Configuration:
[0m10:32:32.318638 [info ] [MainThread]:   profiles.yml file [[32mOK found and valid[0m]
[0m10:32:32.327685 [info ] [MainThread]:   dbt_project.yml file [[32mOK found and valid[0m]
[0m10:32:32.327685 [info ] [MainThread]: Required dependencies:
[0m10:32:32.327685 [debug] [MainThread]: Executing "git --help"
[0m10:32:32.382310 [debug] [MainThread]: STDOUT: "b"usage: git [-v | --version] [-h | --help] [-C <path>] [-c <name>=<value>]\n           [--exec-path[=<path>]] [--html-path] [--man-path] [--info-path]\n           [-p | --paginate | -P | --no-pager] [--no-replace-objects] [--no-lazy-fetch]\n           [--no-optional-locks] [--no-advice] [--bare] [--git-dir=<path>]\n           [--work-tree=<path>] [--namespace=<name>] [--config-env=<name>=<envvar>]\n           <command> [<args>]\n\nThese are common Git commands used in various situations:\n\nstart a working area (see also: git help tutorial)\n   clone      Clone a repository into a new directory\n   init       Create an empty Git repository or reinitialize an existing one\n\nwork on the current change (see also: git help everyday)\n   add        Add file contents to the index\n   mv         Move or rename a file, a directory, or a symlink\n   restore    Restore working tree files\n   rm         Remove files from the working tree and from the index\n\nexamine the history and state (see also: git help revisions)\n   bisect     Use binary search to find the commit that introduced a bug\n   diff       Show changes between commits, commit and working tree, etc\n   grep       Print lines matching a pattern\n   log        Show commit logs\n   show       Show various types of objects\n   status     Show the working tree status\n\ngrow, mark and tweak your common history\n   backfill   Download missing objects in a partial clone\n   branch     List, create, or delete branches\n   commit     Record changes to the repository\n   history    EXPERIMENTAL: Rewrite history\n   merge      Join two or more development histories together\n   rebase     Reapply commits on top of another base tip\n   reset      Set `HEAD` or the index to a known state\n   switch     Switch branches\n   tag        Create, list, delete or verify tags\n\ncollaborate (see also: git help workflows)\n   fetch      Download objects and refs from another repository\n   pull       Fetch from and integrate with another repository or a local branch\n   push       Update remote refs along with associated objects\n\n'git help -a' and 'git help -g' list available subcommands and some\nconcept guides. See 'git help <command>' or 'git help <concept>'\nto read about a specific subcommand or concept.\nSee 'git help git' for an overview of the system.\n""
[0m10:32:32.384327 [debug] [MainThread]: STDERR: "b''"
[0m10:32:32.384327 [info ] [MainThread]:  - git [[32mOK found[0m]

[0m10:32:32.384327 [info ] [MainThread]: Connection:
[0m10:32:32.384327 [info ] [MainThread]:   account: BXQKRAL-HTB51610
[0m10:32:32.384327 [info ] [MainThread]:   user: dbt_user
[0m10:32:32.386345 [info ] [MainThread]:   database: bank360_project
[0m10:32:32.386345 [info ] [MainThread]:   warehouse: bank_wh
[0m10:32:32.386345 [info ] [MainThread]:   role: bank360_role
[0m10:32:32.386345 [info ] [MainThread]:   schema: staging
[0m10:32:32.386345 [info ] [MainThread]:   authenticator: None
[0m10:32:32.386345 [info ] [MainThread]:   oauth_client_id: None
[0m10:32:32.386345 [info ] [MainThread]:   query_tag: None
[0m10:32:32.388361 [info ] [MainThread]:   client_session_keep_alive: False
[0m10:32:32.388361 [info ] [MainThread]:   host: None
[0m10:32:32.388361 [info ] [MainThread]:   port: None
[0m10:32:32.388361 [info ] [MainThread]:   proxy_host: None
[0m10:32:32.388361 [info ] [MainThread]:   proxy_port: None
[0m10:32:32.388361 [info ] [MainThread]:   protocol: None
[0m10:32:32.390120 [info ] [MainThread]:   connect_retries: 1
[0m10:32:32.390120 [info ] [MainThread]:   connect_timeout: None
[0m10:32:32.390120 [info ] [MainThread]:   retry_on_database_errors: False
[0m10:32:32.390120 [info ] [MainThread]:   retry_all: False
[0m10:32:32.390120 [info ] [MainThread]:   insecure_mode: False
[0m10:32:32.390120 [info ] [MainThread]:   reuse_connections: True
[0m10:32:32.390120 [info ] [MainThread]:   s3_stage_vpce_dns_name: None
[0m10:32:32.390120 [info ] [MainThread]:   workload_identity_provider: None
[0m10:32:32.390120 [info ] [MainThread]:   workload_identity_entra_resource: None
[0m10:32:32.390120 [info ] [MainThread]:   platform_detection_timeout_seconds: 0.0
[0m10:32:32.390120 [info ] [MainThread]: Registered adapter: snowflake=1.12.0
[0m10:32:32.867612 [debug] [MainThread]: Acquiring new snowflake connection 'debug'
[0m10:32:32.883340 [debug] [MainThread]: Using snowflake connection "debug"
[0m10:32:32.883340 [debug] [MainThread]: On debug: select 1 as id
[0m10:32:32.883340 [debug] [MainThread]: Opening a new connection, currently in state init
[0m10:32:36.510499 [debug] [MainThread]: SQL status: SUCCESS 1 in 3.627 seconds
[0m10:32:36.510499 [info ] [MainThread]:   Connection test: [[32mOK connection ok[0m]

[0m10:32:36.510499 [info ] [MainThread]: [32mAll checks passed![0m
[0m10:32:36.510499 [info ] [MainThread]: Your new dbt project "Banking_Project" was created!
Initialized new project in C:\Users\SaurabhKumar\Desktop\Data Engineering\dbt\Project\Banking_Project\Banking_Project\Banking_Project

For more information on how to configure the profiles.yml file,
please consult the dbt documentation here:

  https://docs.getdbt.com/docs/configure-your-profile

One more thing:

Need help? Don't hesitate to reach out to us via GitHub issues or on Slack:

  https://community.getdbt.com/

Happy modeling!

[0m10:32:36.527592 [debug] [MainThread]: Command `dbt init` succeeded at 10:32:36.527592 after 1224.48 seconds
[0m10:32:36.527592 [debug] [MainThread]: Connection 'debug' was left open.
[0m10:32:36.527592 [debug] [MainThread]: On debug: Close
[0m10:32:37.152123 [debug] [MainThread]: Sending event: {'category': 'dbt', 'action': 'invocation', 'label': 'end', 'context': [<snowplow_tracker.self_describing_json.SelfDescribingJson object at 0x0000018BE7E56A20>, <snowplow_tracker.self_describing_json.SelfDescribingJson object at 0x0000018BE4EC7650>, <snowplow_tracker.self_describing_json.SelfDescribingJson object at 0x0000018BEA894EF0>]}
[0m10:32:37.152123 [debug] [MainThread]: Flushing usage events
[0m10:32:38.613312 [debug] [MainThread]: An error was encountered while trying to flush usage events
